════════ اختبار خدمة التمثيل bge-m3 (من الشبكة الداخلية) ════════
قاعدة البيانات: titan · المستخدم: titan

=== 1) أبعاد العمود بعد الترحيل ===
   vector(1024)
  الترحيلات المطبقة: titan_migrations

=== 2) إعادة توليد التمثيل (bge-m3 · 1024) ===
  عدد العناصر: 125
    ... 40
    ... 80
    ... 120
  ✅ جاهز: 125 · فشل: 0
  رفع الملف: 200 b''
  نتيجة التحديث: psql:/tmp/bf.sql:125: ERROR:  syntax error at or near ":"
LINE 1: ...2677,-0.010130,-0.015945]'::vector WHERE id=Answer: {"query"...
                                                             ^
0

=== 3) البحث الدلالي الحقيقي في ذاكرة تيتان ===

  🔎 «الطلب اتأخر ومحتاج حل بسرعة»

  🔎 «مشكلة في الفاتورة»

  🔎 «تسويق وتسويق المنتجات»

DONE-ARABIC-VERIFY
