██████████████████████████████████████████████████████████████████████████████
█  حصر ذاكرة تيتان (قراءة فقط — مفيش حذف)
██████████████████████████████████████████████████████████████████████████████

━━━ ① النسخة الاحتياطية ━━━
-rw-r--r-- 1 root root 10234768 Sep 22 14:56 /tmp/bk/memory_backup.sql
1052 /tmp/bk/memory_backup.sql
  ✅ النسخة الاحتياطية على GitHub: results/titan_memory_backup.sql (9994.9 KB)

━━━ ② كل صفوف user_context (اللي تيتان بيقرا منه) ━━━
  العدد الكلي: 19
    dc2add38-5d14-4227-aa67-deb5e02dc2f5 ┃ aunt ┃ خالته اسمها فاطمة، ساكنة في طنطا، وبتحب الشاي بالنعناع
    dc2add38-5d14-4227-aa67-deb5e02dc2f5 ┃ brother ┃ أخو نبيل اسمه مصطفى، مهندس في القاهرة، بيحب القهوة التركي
    dc2add38-5d14-4227-aa67-deb5e02dc2f5 ┃ call_name ┃ 
    495185511 ┃ call_name ┃ تيتان
    dc2add38-5d14-4227-aa67-deb5e02dc2f5 ┃ favorite_drink ┃ الشاي بالنعناع
    495185511 ┃ favorite_project ┃ تايتان
    dc2add38-5d14-4227-aa67-deb5e02dc2f5 ┃ favorite_project ┃ 
    dc2add38-5d14-4227-aa67-deb5e02dc2f5 ┃ _identity_preferences_json ┃ [{"key":"verbosity","value":"concise","confidence":1,"evidence":["what is 2+2? 4","what is 2+2? 4","say hello Hello!","what is 2+2? 4","what is 2+2? 4","what is
    dc2add38-5d14-4227-aa67-deb5e02dc2f5 ┃ _identity_profile_json ┃ {"userId":"dc2add38-5d14-4227-aa67-deb5e02dc2f5","preferredLanguage":"arabic-egyptian","expertise":["ml","backend"],"interests":[],"projects":[],"communicationS
    dc2add38-5d14-4227-aa67-deb5e02dc2f5 ┃ interest_perfumes_sa ┃ نبيل بيسأل كتير عن أسعار العطور في السعودية — مهتم بالعطور (عود/ديزاينر/نيتش) والسوق السعودي
    495185511 ┃ name ┃ نبيل
    dc2add38-5d14-4227-aa67-deb5e02dc2f5 ┃ name ┃ 
    dc2add38-5d14-4227-aa67-deb5e02dc2f5 ┃ pricing_reference_sa ┃ سُلّم تسعير العطور في السعودية (50ml/ريال): 45-90 يومي، 120-250 نقطة الدخول المثالية (هامش 55-65%)، 300-600 براند، 800+ نيش. البخور: الميس 3-7 ريال/جرام، المعتّ
    dc2add38-5d14-4227-aa67-deb5e02dc2f5 ┃ project ┃ مشروع تجارة عطور وبخور — بيستهدف السوق السعودي (ريال)، محتاج تسعير وتحليل منافسين
    dc2add38-5d14-4227-aa67-deb5e02dc2f5 ┃ telegram_id ┃ 495185511
    dc2add38-5d14-4227-aa67-deb5e02dc2f5 ┃ telegram_screenshots ┃ 
    495185511 ┃ telegram_screenshots ┃ Can send screenshots to Telegram when requested from connected desktop devices
    dc2add38-5d14-4227-aa67-deb5e02dc2f5 ┃ workflow_context ┃ نبيل و هيرمس بيشغلوا على تايتن: بيختبروه، بيصلحوا مشاكل فيه، وبيضيفوا له إضافات جديدة. يعني أي مشكلة تظهر ممكن تكون جزء من اختبار متعمد.
    dc2add38-5d14-4227-aa67-deb5e02dc2f5 ┃ workplace ┃ بيشتغل في شركة اسمها "نيكست فيت" (NextFit)

━━━ ③ عناصر الذاكرة (آخر 25) ━━━
  الكلي: 509 · بتمثيل: 509
    • إجابة: أنا قولتلك فوق: مصطفى، مهندس في القاهرة، وبيحب القهوة التركي ☕  محتاج حاجة تانية؟
    • سؤال: أخويا اسمه إيه وبيشتغل إيه وبيرشب إيه؟
    • Prompt: أخويا اسمه إيه وبيشتغل إيه وبيرشب إيه؟ Answer: أنا قولتلك فوق: مصطفى، مهندس في القاهرة، وبيحب القهوة التركي ☕  محتاج حاجة تانية؟
    • إجابة: خلاصة الكلام: مصطفى اتحفظ ✅  عايز نعمل حاجة ولا مجرد معلومة؟ لو عايز تسألي حاجة عنه بعد كده أنا فاكره.
    • سؤال: أخويا اسمه مصطفى وبيشتغل مهندس في القاهرة وبيحب القهوة التركي
    • Prompt: أخويا اسمه مصطفى وبيشتغل مهندس في القاهرة وبيحب القهوة التركي Answer: خلاصة الكلام: مصطفى اتحفظ ✅  عايز نعمل حاجة ولا مجرد معلومة؟ لو عايز تسأ
    • إجابة: لم تذكر في طلبك أي معلومات عن خالتك، لذلك لا أعرف اسمها أو مكان سكنها أو ما تشربه. لو أرسلت لي تفاصيلها، أقدر أساعدك في الإجابة.
    • سؤال: خالتي اسمها إيه وبتسكن فين وبتشرب إيه؟
    • Prompt: خالتي اسمها إيه وبتسكن فين وبتشرب إيه؟ Answer: لم تذكر في طلبك أي معلومات عن خالتك، لذلك لا أعرف اسمها أو مكان سكنها أو ما تشربه. لو أرسلت لي 
    • إجابة: تمام يا نبيل، اتحفظ ✅  خالتك فاطمة في طنطا، وبتحب الشاي بالنعناع — مش هنسى ده. إيه اللي تحب نعمله؟
    • سؤال: خالتي اسمها فاطمة وساكنة في طنطا وبتحب الشاي بالنعناع
    • Prompt: خالتي اسمها فاطمة وساكنة في طنطا وبتحب الشاي بالنعناع Answer: تمام يا نبيل، اتحفظ ✅  خالتك فاطمة في طنطا، وبتحب الشاي بالنعناع — مش هنسى ده. إ
    • إجابة: أيوة، أهم حاجة تساعدني تقلل التوكن وتبقى أدق: 1) ضغط أو تلخيص السياق القديم بدل إرساله كامل، 2) ذاكرة استرجاعية للوقائع المهمة فقط، 3) كاش للبر
    • سؤال: إحنا بنعالج مشكلة استهلاك التوكن العالي عندك يا حب، وهيرمس بيظبط شوية حاجات وبيطورك. في حاجة محتاج نضيفها لك تساعدك أكتر؟
    • Prompt: إحنا بنعالج مشكلة استهلاك التوكن العالي عندك يا حب، وهيرمس بيظبط شوية حاجات وبيطورك. في حاجة محتاج نضيفها لك تساعدك أكتر؟ Answer: أيوة، أهم حا
    • إجابة: أيوه تمام، ده واضح 🫡  يعني إحنا في وضع "تطوير" مش "استخدام عادي" — وأنا كده ارتحت، عشان لو عملت حركة غلط هتصلحوها إنتو بدل ما تمشي عادي.  قولي 
    • سؤال: لا انا وهيرمس بنختبرك يا حب وبنصلح فيك حجات ومشاكل وبنعملك اضافات يا حب
    • Prompt: لا انا وهيرمس بنختبرك يا حب وبنصلح فيك حجات ومشاكل وبنعملك اضافات يا حب Answer: أيوه تمام، ده واضح 🫡  يعني إحنا في وضع "تطوير" مش "استخدام عاد
    • إجابة: وصلتني نفس الرسالة ٤ مرات يا نبيل 😅 — الرد ثابت:  **نبيل كريم** · **ينبع** · **0555123456**  لو ده اختبار وإن الرسالة بتتكرر عندك في النظام من 
    • سؤال: استخرج لي الاسم والمدينة والرقم من النص ده: نبيل كريم من ينبع ورقمه 0555123456
    • Prompt: استخرج لي الاسم والمدينة والرقم من النص ده: نبيل كريم من ينبع ورقمه 0555123456 Answer: وصلتني نفس الرسالة ٤ مرات يا نبيل 😅 — الرد ثابت:  **نبي
    • إجابة: لم أتمكن من جلب أسعار حية مباشرة الآن، لكن متوسطات الأسعار الشائعة للعطور في السعودية تقريبًا كالتالي:  - عطور اقتصادية: Lattafa / Armaf / Afna
    • سؤال: ابحثلي عن أسعار العطور في السعودية
    • Prompt: ابحثلي عن أسعار العطور في السعودية Answer: لم أتمكن من جلب أسعار حية مباشرة الآن، لكن متوسطات الأسعار الشائعة للعطور في السعودية تقريبًا كالتا
    • إجابة: إليك دالة بايثون تقرأ ملف CSV وتجمع قيم عمود معين:  import csv from pathlib import Path   def sum_column(file_path, column_name, cast=float, de

━━━ ④ مفتاح «brother» وأخواته (الحقايق اللي اتعلّمها لوحده) ━━━
    name ┃ نبيل
    name ┃ 
    brother ┃ أخو نبيل اسمه مصطفى، مهندس في القاهرة، بيحب القهوة التركي

━━━ ⑤ علامات المعلومات الوهمية (اختبار) ━━━
   فاطمة        memory_items=3     user_context=1
   مصطفى        memory_items=5     user_context=1
   طنطا         memory_items=3     user_context=1
   زحل          memory_items=2     user_context=0
   تيتان أكبر   memory_items=0     user_context=0
   خالتي        memory_items=4     user_context=0
   أخويا        memory_items=4     user_context=0

DONE-AUDIT
