██████████████████████████████████████████████████████████████████████████████
█  ① النسخة الاحتياطية الكاملة (قبل أي تعديل)
██████████████████████████████████████████████████████████████████████████████
-rw-r--r-- 1 root root 7267760 Sep 22 15:32 /tmp/bk2/titan_full.dump
-rw-r--r-- 1 root root 7063479 Sep 22 15:32 /tmp/bk2/titan_text.sql.gz
  ✅ النسخة الكاملة على GitHub: results/titan_full_backup.sql.gz (6.7 MB)

██████████████████████████████████████████████████████████████████████████████
█  ② عناصر «running» المعلّقة (تواريخ صغيرة)
██████████████████████████████████████████████████████████████████████████████
  معلّقة أكتر من 48 ساعة: 16
  أقدمهم:
    2026-06-23 ┃ اتفضل يا استاذ من موقع الفيفا نفسه 🤦🏻🤦🏻😮‍💨😮‍💨🙄🙄😑😑😒😏
    WATCH O
    2026-06-23 ┃ ￼
    ￼
    ￼
    ￼
    ￼
    ￼
    SUI
    ￼
    22:00
    ￼
    CAN
    First Stage
    Group B·
    BC Place 
    2026-06-24 ┃ اعمل حاجة مفيدة
    2026-07-13 ┃ المفتاح موجود يا حب 
    والسيرفر الي انت شغال عليه
    2026-07-13 ┃ اي المشكله ؟
    2026-07-13 ┃ انا مين
    2026-07-13 ┃ يا تيتان
    2026-07-13 ┃ انا مين

██████████████████████████████████████████████████████████████████████████████
█  ③ فحص التكرار (dry-run — مفيش حذف)
██████████████████████████████████████████████████████████████████████████████
  الجداول في القاعدة: 120
  جداول فيها تكرار:
   agent_steps                  صفوف=1519    مجموعات فريدة=4       مجموعات مكررة=4

██████████████████████████████████████████████████████████████████████████████
█  ④ الإصلاح الآمن: تحويل المعلّقين لـ«failed» بسبب واضح
██████████████████████████████████████████████████████████████████████████████
   psql:/tmp/op.sql:1: ERROR:  column "error" of relation "agent_runs" does not exist
LINE 1: ...agent_runs SET status='failed', updated_at=now(), error='sta...
                                          
  بعد الإصلاح — معلّقين: 16

██████████████████████████████████████████████████████████████████████████████
█  ⑤ الحالة النهائية
██████████████████████████████████████████████████████████████████████████████
  agent_runs           230
  memory_items         505
  user_context         26
  memory_messages      486
  سجل التعديل: استخدمنا WHERE بشرط صريح (status + 48 ساعة) — مفيش حذف

DONE-CLEAN
