════════ لوجات core ════════
=== آخر 60 سطر من core ===
  {"level":"info","time":"2026-09-21T16:52:40.750Z","service":"titan-core","version":"0.1.0","env":"production","pid":7,"name":"titan-core","component":"tool-registry","tool":"visual_workflow_build","tags":["cosmic","workflow","visual"],"msg":"tool registered"}
  {"level":"warn","time":"2026-09-21T16:52:40.750Z","service":"titan-core","version":"0.1.0","env":"production","pid":7,"name":"titan-core","component":"tool-registry","tool":"screen_monitor_status","msg":"tool already registered; overwriting"}
  {"level":"info","time":"2026-09-21T16:52:40.750Z","service":"titan-core","version":"0.1.0","env":"production","pid":7,"name":"titan-core","component":"tool-registry","tool":"screen_monitor_status","tags":["integration","screen","monitor"],"msg":"tool registere
  {"level":"warn","time":"2026-09-21T16:52:40.750Z","service":"titan-core","version":"0.1.0","env":"production","pid":7,"name":"titan-core","component":"tool-registry","tool":"a2a_communicate","msg":"tool already registered; overwriting"}
  {"level":"info","time":"2026-09-21T16:52:40.750Z","service":"titan-core","version":"0.1.0","env":"production","pid":7,"name":"titan-core","component":"tool-registry","tool":"a2a_communicate","tags":["integration","a2a","communication"],"msg":"tool registered"}
  {"level":"warn","time":"2026-09-21T16:52:40.750Z","service":"titan-core","version":"0.1.0","env":"production","pid":7,"name":"titan-core","component":"tool-registry","tool":"web_intelligence","msg":"tool already registered; overwriting"}
  {"level":"info","time":"2026-09-21T16:52:40.750Z","service":"titan-core","version":"0.1.0","env":"production","pid":7,"name":"titan-core","component":"tool-registry","tool":"web_intelligence","tags":["integration","web","intelligence"],"msg":"tool registered"}
  {"level":"warn","time":"2026-09-21T16:52:40.750Z","service":"titan-core","version":"0.1.0","env":"production","pid":7,"name":"titan-core","component":"tool-registry","tool":"browser_agent_task","msg":"tool already registered; overwriting"}
  {"level":"info","time":"2026-09-21T16:52:40.750Z","service":"titan-core","version":"0.1.0","env":"production","pid":7,"name":"titan-core","component":"tool-registry","tool":"browser_agent_task","tags":["integration","browser","automation"],"msg":"tool register
  {"level":"warn","time":"2026-09-21T16:52:40.750Z","service":"titan-core","version":"0.1.0","env":"production","pid":7,"name":"titan-core","component":"tool-registry","tool":"world_simulate","msg":"tool already registered; overwriting"}
  {"level":"info","time":"2026-09-21T16:52:40.750Z","service":"titan-core","version":"0.1.0","env":"production","pid":7,"name":"titan-core","component":"tool-registry","tool":"world_simulate","tags":["world-model","simulation"],"msg":"tool registered"}
  {"level":"warn","time":"2026-09-21T16:52:40.750Z","service":"titan-core","version":"0.1.0","env":"production","pid":7,"name":"titan-core","component":"tool-registry","tool":"environment_graph_stats","msg":"tool already registered; overwriting"}
  {"level":"info","time":"2026-09-21T16:52:40.750Z","service":"titan-core","version":"0.1.0","env":"production","pid":7,"name":"titan-core","component":"tool-registry","tool":"environment_graph_stats","tags":["world-model","environment","graph"],"msg":"tool regi
  {"level":"warn","time":"2026-09-21T16:52:40.750Z","service":"titan-core","version":"0.1.0","env":"production","pid":7,"name":"titan-core","component":"tool-registry","tool":"self_forge_tool","msg":"tool already registered; overwriting"}
  {"level":"info","time":"2026-09-21T16:52:40.750Z","service":"titan-core","version":"0.1.0","env":"production","pid":7,"name":"titan-core","component":"tool-registry","tool":"self_forge_tool","tags":["self-forge","tool","creation"],"msg":"tool registered"}
  {"level":"warn","time":"2026-09-21T16:52:40.750Z","service":"titan-core","version":"0.1.0","env":"production","pid":7,"name":"titan-core","component":"tool-registry","tool":"introspective_awareness","msg":"tool already registered; overwriting"}
  {"level":"info","time":"2026-09-21T16:52:40.750Z","service":"titan-core","version":"0.1.0","env":"production","pid":7,"name":"titan-core","component":"tool-registry","tool":"introspective_awareness","tags":["introspection","awareness","self-reflection"],"msg":
  {"level":"warn","time":"2026-09-21T16:52:40.750Z","service":"titan-core","version":"0.1.0","env":"production","pid":7,"name":"titan-core","component":"tool-registry","tool":"skill_md_list","msg":"tool already registered; overwriting"}
  {"level":"info","time":"2026-09-21T16:52:40.750Z","service":"titan-core","version":"0.1.0","env":"production","pid":7,"name":"titan-core","component":"tool-registry","tool":"skill_md_list","tags":["integration","skill","registry"],"msg":"tool registered"}
  {"level":"warn","time":"2026-09-21T16:52:40.750Z","service":"titan-core","version":"0.1.0","env":"production","pid":7,"name":"titan-core","component":"tool-registry","tool":"webmcp_discover","msg":"tool already registered; overwriting"}
  {"level":"info","time":"2026-09-21T16:52:40.750Z","service":"titan-core","version":"0.1.0","env":"production","pid":7,"name":"titan-core","component":"tool-registry","tool":"webmcp_discover","tags":["integration","webmcp","discovery"],"msg":"tool registered"}
  {"level":"warn","time":"2026-09-21T16:52:40.750Z","service":"titan-core","version":"0.1.0","env":"production","pid":7,"name":"titan-core","component":"tool-registry","tool":"webmcp_invoke","msg":"tool already registered; overwriting"}
  {"level":"info","time":"2026-09-21T16:52:40.750Z","service":"titan-core","version":"0.1.0","env":"production","pid":7,"name":"titan-core","component":"tool-registry","tool":"webmcp_invoke","tags":["integration","webmcp","invoke"],"msg":"tool registered"}
  {"level":"warn","time":"2026-09-21T16:52:40.750Z","service":"titan-core","version":"0.1.0","env":"production","pid":7,"name":"titan-core","component":"tool-registry","tool":"autonomous_loop_status","msg":"tool already registered; overwriting"}
  {"level":"info","time":"2026-09-21T16:52:40.750Z","service":"titan-core","version":"0.1.0","env":"production","pid":7,"name":"titan-core","component":"tool-registry","tool":"autonomous_loop_status","tags":["autonomous","loop","status"],"msg":"tool registered"}
  {"level":"info","time":"2026-09-21T16:52:40.750Z","service":"titan-core","version":"0.1.0","env":"production","pid":7,"name":"titan-core","component":"capability-wiring","total":69,"instantiated":0,"msg":"capabilities wired (lazy mode) — modules instantiated o
  {"level":"info","time":"2026-09-21T16:52:40.751Z","service":"titan-core","version":"0.1.0","env":"production","pid":7,"name":"titan-core","component":"context-optimizer","maxContextTokens":32000,"msg":"ContextOptimizer initialized"}
  {"level":"info","time":"2026-09-21T16:52:40.751Z","service":"titan-core","version":"0.1.0","env":"production","pid":7,"name":"titan-core","component":"telegram","runId":"d6e02d6f-815b-4e3a-b828-e0190ca1cd54","chatId":495185511,"msg":"background agent run start
  {"level":"info","time":"2026-09-21T16:52:40.751Z","service":"titan-core","version":"0.1.0","env":"production","pid":7,"name":"titan-core","component":"agent-runner","runId":"d6e02d6f-815b-4e3a-b828-e0190ca1cd54","prompt":"ابحثلي عن أسعار العطور في السعودية","m
  {"level":"info","time":"2026-09-21T16:52:40.751Z","service":"titan-core","version":"0.1.0","env":"production","pid":7,"name":"titan-core","component":"agent-runner","runId":"d6e02d6f-815b-4e3a-b828-e0190ca1cd54","facts":4,"msg":"user context facts injected"}
  {"level":"info","time":"2026-09-21T16:52:40.863Z","service":"titan-core","version":"0.1.0","env":"production","pid":7,"name":"titan-core","component":"agent-runner","runId":"d6e02d6f-815b-4e3a-b828-e0190ca1cd54","memories":5,"msg":"memory retrieved"}
  {"level":"info","time":"2026-09-21T16:53:18.167Z","service":"titan-core","version":"0.1.0","env":"production","pid":7,"name":"titan-core","component":"strategy-selector","type":"analytical","strategy":"tree-of-thought","confidence":62,"msg":"strategy selected"
  {"level":"info","time":"2026-09-21T16:53:18.167Z","service":"titan-core","version":"0.1.0","env":"production","pid":7,"name":"titan-core","component":"agent-runner","runId":"d6e02d6f-815b-4e3a-b828-e0190ca1cd54","strategy":"tree-of-thought","type":"analytical"
  {"level":"info","time":"2026-09-21T16:53:42.122Z","service":"titan-core","version":"0.1.0","env":"production","pid":7,"name":"titan-core","component":"tool-brave-search","query":"أسعار العطور في السعودية 2025 متجر العطور السعودية ريال","msg":"brave search"}
  {"level":"info","time":"2026-09-21T16:53:43.705Z","service":"titan-core","version":"0.1.0","env":"production","pid":7,"name":"titan-core","component":"tool-brave-search","query":"أسعار العطور في السعودية 2025 متجر العطور السعودية ريال","count":10,"msg":"brave 
  {"level":"info","time":"2026-09-21T16:53:43.705Z","service":"titan-core","version":"0.1.0","env":"production","pid":7,"name":"titan-core","component":"tool-registry","tool":"brave_search","latencyMs":1584,"msg":"tool executed"}
  {"level":"info","time":"2026-09-21T16:53:51.864Z","service":"titan-core","version":"0.1.0","env":"production","pid":7,"name":"titan-core","component":"tool-brave-search","query":"أسعار العطور في السعودية 2026 متجر اونلاين","msg":"brave search"}
  {"level":"info","time":"2026-09-21T16:53:53.036Z","service":"titan-core","version":"0.1.0","env":"production","pid":7,"name":"titan-core","component":"tool-brave-search","query":"أسعار العطور في السعودية 2026 متجر اونلاين","count":10,"msg":"brave search comple
  {"level":"info","time":"2026-09-21T16:53:53.036Z","service":"titan-core","version":"0.1.0","env":"production","pid":7,"name":"titan-core","component":"tool-registry","tool":"brave_search","latencyMs":1172,"msg":"tool executed"}
  {"level":"info","time":"2026-09-21T16:54:09.499Z","service":"titan-core","version":"0.1.0","env":"production","pid":7,"name":"titan-core","component":"tool-brave-search","query":"أسعار العطور في السعودية نايس ون H&B ريال 2026","msg":"brave search"}
  {"level":"info","time":"2026-09-21T16:54:11.602Z","service":"titan-core","version":"0.1.0","env":"production","pid":7,"name":"titan-core","component":"tool-brave-search","query":"أسعار العطور في السعودية نايس ون H&B ريال 2026","count":10,"msg":"brave search co
  {"level":"info","time":"2026-09-21T16:54:11.602Z","service":"titan-core","version":"0.1.0","env":"production","pid":7,"name":"titan-core","component":"tool-registry","tool":"brave_search","latencyMs":2103,"msg":"tool executed"}
  {"level":"info","time":"2026-09-21T16:54:37.677Z","service":"titan-core","version":"0.1.0","env":"production","pid":7,"name":"titan-core","component":"tool-scrape","url":"https://sa.pricena.com/ar/%D9%85%D9%88%D8%B6%D8%A9-%D8%A7%D9%84%D8%B1%D8%AC%D8%A7%D9%84/%
  {"level":"info","time":"2026-09-21T16:54:40.697Z","service":"titan-core","version":"0.1.0","env":"production","pid":7,"name":"titan-core","component":"tool-scrape","url":"https://sa.pricena.com/ar/%D9%85%D9%88%D8%B6%D8%A9-%D8%A7%D9%84%D8%B1%D8%AC%D8%A7%D9%84/%
  {"level":"info","time":"2026-09-21T16:54:40.697Z","service":"titan-core","version":"0.1.0","env":"production","pid":7,"name":"titan-core","component":"tool-registry","tool":"firecrawl_scrape","latencyMs":3021,"msg":"tool executed"}
  {"level":"info","time":"2026-09-21T16:54:40.702Z","service":"titan-core","version":"0.1.0","env":"production","pid":7,"name":"titan-core","component":"execution-state-memory","id":"ee953fb6","runId":"d6e02d6f-815b-4e3a-b828-e0190ca1cd54","stepIndex":5,"stepCou
  {"level":"info","time":"2026-09-21T16:54:40.702Z","service":"titan-core","version":"0.1.0","env":"production","pid":7,"name":"titan-core","component":"create-runner","runId":"d6e02d6f-815b-4e3a-b828-e0190ca1cd54","stepIndex":5,"msg":"ESM auto-checkpoint saved"
  {"level":"info","time":"2026-09-21T16:54:52.532Z","service":"titan-core","version":"0.1.0","env":"production","pid":7,"name":"titan-core","component":"tool-brave-search","query":"H&B السعودية أسعار العطور بخور ريال","msg":"brave search"}
  {"level":"info","time":"2026-09-21T16:54:53.688Z","service":"titan-core","version":"0.1.0","env":"production","pid":7,"name":"titan-core","component":"tool-brave-search","query":"H&B السعودية أسعار العطور بخور ريال","count":10,"msg":"brave search complete"}
  {"level":"info","time":"2026-09-21T16:54:53.688Z","service":"titan-core","version":"0.1.0","env":"production","pid":7,"name":"titan-core","component":"tool-registry","tool":"brave_search","latencyMs":1156,"msg":"tool executed"}
  {"level":"info","time":"2026-09-21T16:55:26.407Z","service":"titan-core","version":"0.1.0","env":"production","pid":7,"name":"titan-core","component":"tool-scrape","url":"https://www.niceones.com/ar/products?category=perfumes","msg":"scraping URL"}
  {"level":"info","time":"2026-09-21T16:55:27.223Z","service":"titan-core","version":"0.1.0","env":"production","pid":7,"name":"titan-core","component":"tool-scrape","url":"https://www.niceones.com/ar/products?category=perfumes","status":200,"bytes":132,"msg":"s
  {"level":"info","time":"2026-09-21T16:55:27.223Z","service":"titan-core","version":"0.1.0","env":"production","pid":7,"name":"titan-core","component":"tool-registry","tool":"firecrawl_scrape","latencyMs":816,"msg":"tool executed"}
  {"level":"info","time":"2026-09-21T16:55:27.227Z","service":"titan-core","version":"0.1.0","env":"production","pid":7,"name":"titan-core","component":"strategy-tot","runId":"d6e02d6f-815b-4e3a-b828-e0190ca1cd54","branches":3,"answered":0,"steps":7,"tokensUsed"
  {"level":"info","time":"2026-09-21T16:55:31.135Z","service":"titan-core","version":"0.1.0","env":"production","pid":7,"name":"titan-core","component":"agent-runner","runId":"d6e02d6f-815b-4e3a-b828-e0190ca1cd54","reason":"الإجابة غير مكتملة؛ فهي تعرض رابطًا فق
  {"level":"info","time":"2026-09-21T16:56:04.508Z","service":"titan-core","version":"0.1.0","env":"production","pid":7,"name":"titan-core","component":"self-critic","runId":"d6e02d6f-815b-4e3a-b828-e0190ca1cd54","approved":false,"issues":4,"msg":"critique compl
  {"level":"info","time":"2026-09-21T16:56:04.508Z","service":"titan-core","version":"0.1.0","env":"production","pid":7,"name":"titan-core","component":"agent-runner","runId":"d6e02d6f-815b-4e3a-b828-e0190ca1cd54","confidence":90,"msg":"confidence score"}
  {"level":"info","time":"2026-09-21T16:56:04.511Z","service":"titan-core","version":"0.1.0","env":"production","pid":7,"name":"titan-core","component":"execution-state-memory","runId":"d6e02d6f-815b-4e3a-b828-e0190ca1cd54","msg":"run marked completed"}
  {"level":"info","time":"2026-09-21T16:56:06.972Z","service":"titan-core","version":"0.1.0","env":"production","pid":7,"name":"titan-core","component":"agent-runner","runId":"d6e02d6f-815b-4e3a-b828-e0190ca1cd54","status":"completed","steps":7,"durationMs":2062
  {"level":"info","time":"2026-09-21T16:56:07.730Z","service":"titan-core","version":"0.1.0","env":"production","pid":7,"name":"titan-core","component":"telegram","runId":"d6e02d6f-815b-4e3a-b828-e0190ca1cd54","chatId":495185511,"steps":7,"msg":"background agent

=== الأخطاء بس ===
  ⚠️ {"level":"info","time":"2026-09-21T16:55:31.135Z","service":"titan-core","version":"0.1.0","env":"production","pid":7,"name":"titan-core","component":"agent-runner","runId":"d6e02d6f-815b-4e3a-b828-e0190ca1cd54","reason":"الإجابة غير مكتملة؛ فهي تعرض رابطًا فق

=== أي سطر فيه chat أو telegram في آخر 10 دقايق ===
  {"level":"info","time":"2026-09-21T16:52:40.751Z","service":"titan-core","version":"0.1.0","env":"production","pid":7,"name":"titan-core","component":"telegram","runId":"d6e02d6f-815b-4e3a-b828-e0190ca1cd54","chatId":495185511,"msg":"backgr
  {"level":"info","time":"2026-09-21T16:56:07.730Z","service":"titan-core","version":"0.1.0","env":"production","pid":7,"name":"titan-core","component":"telegram","runId":"d6e02d6f-815b-4e3a-b828-e0190ca1cd54","chatId":495185511,"steps":7,"ms

