✅ رسالة البداية اتبعتت

━━━ ① إعادة تسمية المفاتيح لمفردات تيتان ━━━
  job → workplace ✓
  + company ✓
  

━━━ ② مسح كاش الإجابات القديمة ━━━
  جداول الكاش: (مفيش جدول)

━━━ ③ نتأكد من المفاتيح النهائية ━━━
    city :: ينبع، السعودية
    company :: مؤسسة مطاعم عميد البحارة — ينبع، السعودية (نبيل موظف، مش المالك)
    name :: نبيل
    name :: نبيل كريم
    son :: كنان نبيل — مواليد 7/2022
    style :: بيحب المصري في الكلام والأرقام بالبلدي — مش الفصحى
    wife :: سماح حمدي عبد المقصود النجار
    workplace :: موظف في مؤسسة مطاعم عميد البحارة (موظف، مش المالك)

━━━ ④ اختبار الاسترجاع من جديد ━━━
  ✅ السؤال اتبعت
  ✅ خلص: completed
  الرد: اسمك **نبيل**، وأنت شغال في **مؤسسة مطاعم عميد البحارة** بـ**ينبع، السعودية** — موظف هناك، مش المالك.
  🎯 التقييم: ✅ عارف اسمه وشغله!

DONE-FIX
