━━━ ① إجمالي الذاكرة قبل (للمقارنة) ━━━
  عناصر قبل: 497

━━━ ② جِدول الذاكرة (نتأكد من الأعمدة) ━━━
Table "public.memory_items"
    Column     |           Type           | Collation | Nullable |      Default      
---------------+--------------------------+-----------+----------+-------------------
 id            | uuid                     |           | not null | gen_random_uuid()
 collection_id | uuid                     |           | not null | 
 external_id   | text                     |           | not null | 
 content       | text                     |           | not null | 
 embedding     | jsonb                    |           |          | 
 metadata      | jsonb                    |           | not null | '{}'::jsonb
 created_at    | timestamp with time zone |           | not null | now()
 updated_at    | timestamp with time zone |           | not null | now()
 embedding_vec | vector(1024)             |           |          | 
Indexes:
    "memory_items_pkey" PRIMARY KEY, btre

━━━ ③ نرسل معلومة دائمة جديدة ━━━
  الويبهوك: 200 · الرسالة: خالتي اسمها فاطمة وساكنة في طنطا وبتحب الشاي بالنعناع

  بنستنى الرد + التعلّم (fire-and-forget)...
  ✅ الرد خلص: completed

━━━ ④ هل اتحفظت في الذاكرة؟ ━━━
  عناصر بعد: 500  (قبل: 497 )
  عناصر فيها المعلومة الجديدة: 3
  المحتوى المحفوظ:
    إجابة: تمام يا نبيل، اتحفظ ✅ خالتك فاطمة في طنطا، وبتحب الشاي بالنعناع — مش هنسى ده. إيه اللي تحب نعمله؟ سؤال: خالتي اسمها فاطمة وساكنة في طنطا وبتحب الشاي بالنعناع

  رسالة الرد:
    تمام يا نبيل، اتحفظ ✅ خالتك فاطمة في طنطا، وبتحب الشاي بالنعناع — مش هنسى ده. إيه اللي تحب نعمله؟

━━━ ⑤ اختبار الاسترجاع: تيتان فاكر؟ ━━━
  ✅ السؤال اتبعت
  الرد: لم تذكر في طلبك أي معلومات عن خالتك، لذلك لا أعرف اسمها أو مكان سكنها أو ما تشربه. لو أرسلت لي تفاصيلها، أقدر أساعدك في الإجابة.

DONE-LEARN
