════════ قياس أثر الإصلاح ════════
=== 1) آخر 12 رسالة (بالتوكنات والخطوات) ===
09-21 13:07 | 3120 توكن | 1 خطوة | ها يا حب
09-20 15:54 | 13965 توكن | 4 خطوة | اخبارك اي يا حب
09-15 12:38 | 13727 توكن | 4 خطوة | what is 2+2?
09-15 12:18 | 2829 توكن | 1 خطوة | what is 2+2?
09-15 12:16 | 33040 توكن | 10 خطوة | what is 2+2?
09-15 12:07 | 3007 توكن | 1 خطوة | what is 2+2?
09-13 17:58 | 36570 توكن | 10 خطوة | what is 2+2?
09-13 17:45 | 43876 توكن | 10 خطوة | what is 2+2?
09-13 17:45 | 3294 توكن | 1 خطوة | what is 2+2?
09-13 17:26 | 15254 توكن | 4 خطوة | what is 2+2?
09-13 16:29 | 2899 توكن | 1 خطوة | what is 2+2?
09-13 16:27 | 3390 توكن | 1 خطوة | what is 2+2?

=== 2) قبل الإصلاح (كل الرسايل الأقدم) ===
  عدد: 142 | المتوسط: 119683 | الوسيط: 69512

=== 3) بعد الإصلاح (آخر 3 ساعات) ===
  عدد: 1 | المتوسط: 3120 | الوسيط: 3120

=== 4) عدد الخطوات: قبل وبعد ===
  قبل: متوسط 8.5 · أقصى 11
  بعد: متوسط 1.0 · أقصى 1

=== 5) آخر رسالة بالتفصيل ===
الوقت: 13:07:40
توكنات: 3120
خطوات: 1
الحالة: completed
السؤال: ها يا حب

DONE-AFTER-FIX

