════════ قياس الكوتا (نسخة 2) ════════
=== 0) أعمدة agent_runs ===
  id, agent_id, user_id, workspace_id, api_key_id, prompt, status, max_steps, current_step, token_budget, tokens_used, forbidden_tools, final_answer, created_at, updated_at

=== 1) الاستهلاك الحقيقي لكل رسالة ===
  عدد: 142 | المتوسط: 119683 | أقل: 2829 | أعلى: 448521 | الوسيط: 69512

=== 2) آخر 12 رسالة ===
09-20 15:54 → 13965 توكن
09-15 12:38 → 13727 توكن
09-15 12:18 → 2829 توكن
09-15 12:16 → 33040 توكن
09-15 12:07 → 3007 توكن
09-13 17:58 → 36570 توكن
09-13 17:45 → 43876 توكن
09-13 17:45 → 3294 توكن
09-13 17:26 → 15254 توكن
09-13 16:29 → 2899 توكن
09-13 16:27 → 3390 توكن
09-13 16:26 → 3137 توكن

=== 3) أحجام حقيقية (حروف) ===
  متوسط رسالة المستخدم: 111 حرف | متوسط الرد: 111

=== 4) كل البيانات عن التوكنات في أي جدول ===
  agent_runs                 → token_budget,tokens_used
  sessions                   → refresh_token_hash

=== 5) لو فيه بيانات استخدام فعلية ===
  agent_runs فيها قيم: 142
  sessions: 37 · memory_messages: 373

DONE-QUOTA-AUDIT2

